{
  "key_1": "value_1",
  "key_2": "value_2",
  "key_3": "value_3",
  "key_4": "value_4",
  "key_5": "value_5",
  "key_6": "value_6",
  "key_7": "value_7",
  "key_8": "value_8",
  "key_9": "value_9",
  "key_10": "value_10",
  "key_11": "value_11",
  "key_12": "value_12",
  "key_13": "value_13",
  "key_14": "value_14",
  "key_15": "value_15",
  "key_16": "value_16",
  "key_17": "value_17",
  "key_18": "value_18",
  "key_19": "value_19",
  "key_20": "value_20",
  "key_21": "value_21",
  "key_22": "value_22",
  "key_23": "value_23",
  "key_24": "value_24",
  "key_25": "value_25",
  "key_26": "value_26",
  "key_27": "value_27",
  "key_28": "value_28",
  "key_29": "value_29",
  "key_30": "value_30",
  "key_31": "value_31",
  "key_32": "value_32",
  "key_33": "value_33",
  "key_34": "value_34",
  "key_35": "value_35",
  "key_36": "value_36",
  "key_37": "value_37",
  "key_38": "value_38",
  "key_39": "value_39",
  "key_40": "value_40",
  "key_41": "value_41",
  "key_42": "value_42",
  "key_43": "value_43",
  "key_44": "value_44",
  "key_45": "value_45",
  "key_46": "value_46",
  "key_47": "value_47",
  "key_48": "value_48",
  "key_49": "value_49",
  "key_50": "value_50",
  "key_51": "value_51",
  "key_52": "value_52",
  "key_53": "value_53",
  "key_54": "value_54",
  "key_55": "value_55",
  "key_56": "value_56",
  "key_57": "value_57",
  "key_58": "value_58",
  "key_59": "value_59",
  "key_60": "value_60",
  "key_61": "value_61",
  "key_62": "value_62",
  "key_63": "value_63",
  "key_64": "value_64",
  "key_65": "value_65",
  "key_66": "value_66",
  "key_67": "value_67",
  "key_68": "value_68",
  "key_69": "value_69",
  "key_70": "value_70",
  "key_71": "value_71",
  "key_72": "value_72",
  "key_73": "value_73",
  "key_74": "value_74",
  "key_75": "value_75",
  "key_76": "value_76",
  "key_77": "value_77",
  "key_78": "value_78",
  "key_79": "value_79",
  "key_80": "value_80",
  "key_81": "value_81",
  "key_82": "value_82",
  "key_83": "value_83",
  "key_84": "value_84",
  "key_85": "value_85",
  "key_86": "value_86",
  "key_87": "value_87",
  "key_88": "value_88",
  "key_89": "value_89",
  "key_90": "value_90",
  "key_91": "value_91",
  "key_92": "value_92",
  "key_93": "value_93",
  "key_94": "value_94",
  "key_95": "value_95",
  "key_96": "value_96",
  "key_97": "value_97",
  "key_98": "value_98",
  "key_99": "value_99",
  "key_100": "value_100",
  "key_101": "value_101",
  "key_102": "value_102",
  "key_103": "value_103",
  "key_104": "value_104",
  "key_105": "value_105",
  "key_106": "value_106",
  "key_107": "value_107",
  "key_108": "value_108",
  "key_109": "value_109",
  "key_110": "value_110",
  "key_111": "value_111",
  "key_112": "value_112",
  "key_113": "value_113",
  "key_114": "value_114",
  "key_115": "value_115",
  "key_116": "value_116",
  "key_117": "value_117",
  "key_118": "value_118",
  "key_119": "value_119",
  "key_120": "value_120",
  "key_121": "value_121",
  "key_122": "value_122",
  "key_123": "value_123",
  "key_124": "value_124",
  "key_125": "value_125",
  "key_126": "value_126",
  "key_127": "value_127",
  "key_128": "value_128",
  "key_129": "value_129",
  "key_130": "value_130",
  "key_131": "value_131",
  "key_132": "value_132",
  "key_133": "value_133",
  "key_134": "value_134",
  "key_135": "value_135",
  "key_136": "value_136",
  "key_137": "value_137",
  "key_138": "value_138",
  "key_139": "value_139",
  "key_140": "value_140",
  "key_141": "value_141",
  "key_142": "value_142",
  "key_143": "value_143",
  "key_144": "value_144",
  "key_145": "value_145",
  "key_146": "value_146",
  "key_147": "value_147",
  "key_148": "value_148",
  "key_149": "value_149",
  "key_150": "value_150",
  "key_151": "value_151",
  "key_152": "value_152",
  "key_153": "value_153",
  "key_154": "value_154",
  "key_155": "value_155",
  "key_156": "value_156",
  "key_157": "value_157",
  "key_158": "value_158",
  "key_159": "value_159",
  "key_160": "value_160",
  "key_161": "value_161",
  "key_162": "value_162",
  "key_163": "value_163",
  "key_164": "value_164",
  "key_165": "value_165",
  "key_166": "value_166",
  "key_167": "value_167",
  "key_168": "value_168",
  "key_169": "value_169",
  "key_170": "value_170",
  "key_171": "value_171",
  "key_172": "value_172",
  "key_173": "value_173",
  "key_174": "value_174",
  "key_175": "value_175",
  "key_176": "value_176",
  "key_177": "value_177",
  "key_178": "value_178",
  "key_179": "value_179",
  "key_180": "value_180",
  "key_181": "value_181",
  "key_182": "value_182",
  "key_183": "value_183",
  "key_184": "value_184",
  "key_185": "value_185",
  "key_186": "value_186",
  "key_187": "value_187",
  "key_188": "value_188",
  "key_189": "value_189",
  "key_190": "value_190",
  "key_191": "value_191",
  "key_192": "value_192",
  "key_193": "value_193",
  "key_194": "value_194",
  "key_195": "value_195",
  "key_196": "value_196",
  "key_197": "value_197",
  "key_198": "value_198",
  "key_199": "value_199",
  "key_200": "value_200",
  "key_201": "value_201",
  "key_202": "value_202",
  "key_203": "value_203",
  "key_204": "value_204",
  "key_205": "value_205",
  "key_206": "value_206",
  "key_207": "value_207",
  "key_208": "value_208",
  "key_209": "value_209",
  "key_210": "value_210",
  "key_211": "value_211",
  "key_212": "value_212",
  "key_213": "value_213",
  "key_214": "value_214",
  "key_215": "value_215",
  "key_216": "value_216",
  "key_217": "value_217",
  "key_218": "value_218",
  "key_219": "value_219",
  "key_220": "value_220",
  "key_221": "value_221",
  "key_222": "value_222",
  "key_223": "value_223",
  "key_224": "value_224",
  "key_225": "value_225",
  "key_226": "value_226",
  "key_227": "value_227",
  "key_228": "value_228",
  "key_229": "value_229",
  "key_230": "value_230",
  "key_231": "value_231",
  "key_232": "value_232",
  "key_233": "value_233",
  "key_234": "value_234",
  "key_235": "value_235",
  "key_236": "value_236",
  "key_237": "value_237",
  "key_238": "value_238",
  "key_239": "value_239",
  "key_240": "value_240",
  "key_241": "value_241",
  "key_242": "value_242",
  "key_243": "value_243",
  "key_244": "value_244",
  "key_245": "value_245",
  "key_246": "value_246",
  "key_247": "value_247",
  "key_248": "value_248",
  "key_249": "value_249",
  "key_250": "value_250",
  "key_251": "value_251",
  "key_252": "value_252",
  "key_253": "value_253",
  "key_254": "value_254",
  "key_255": "value_255",
  "key_256": "value_256",
  "key_257": "value_257",
  "key_258": "value_258",
  "key_259": "value_259",
  "key_260": "value_260",
  "key_261": "value_261",
  "key_262": "value_262",
  "key_263": "value_263",
  "key_264": "value_264",
  "key_265": "value_265",
  "key_266": "value_266",
  "key_267": "value_267",
  "key_268": "value_268",
  "key_269": "value_269",
  "key_270": "value_270",
  "key_271": "value_271",
  "key_272": "value_272",
  "key_273": "value_273",
  "key_274": "value_274",
  "key_275": "value_275",
  "key_276": "value_276",
  "key_277": "value_277",
  "key_278": "value_278",
  "key_279": "value_279",
  "key_280": "value_280",
  "key_281": "value_281",
  "key_282": "value_282",
  "key_283": "value_283",
  "key_284": "value_284",
  "key_285": "value_285",
  "key_286": "value_286",
  "key_287": "value_287",
  "key_288": "value_288",
  "key_289": "value_289",
  "key_290": "value_290",
  "key_291": "value_291",
  "key_292": "value_292",
  "key_293": "value_293",
  "key_294": "value_294",
  "key_295": "value_295",
  "key_296": "value_296",
  "key_297": "value_297",
  "key_298": "value_298",
  "key_299": "value_299",
  "key_300": "value_300",
  "key_301": "value_301",
  "key_302": "value_302",
  "key_303": "value_303",
  "key_304": "value_304",
  "key_305": "value_305",
  "key_306": "value_306",
  "key_307": "value_307",
  "key_308": "value_308",
  "key_309": "value_309",
  "key_310": "value_310",
  "key_311": "value_311",
  "key_312": "value_312",
  "key_313": "value_313",
  "key_314": "value_314",
  "key_315": "value_315",
  "key_316": "value_316",
  "key_317": "value_317",
  "key_318": "value_318",
  "key_319": "value_319",
  "key_320": "value_320",
  "key_321": "value_321",
  "key_322": "value_322",
  "key_323": "value_323",
  "key_324": "value_324",
  "key_325": "value_325",
  "key_326": "value_326",
  "key_327": "value_327",
  "key_328": "value_328",
  "key_329": "value_329",
  "key_330": "value_330",
  "key_331": "value_331",
  "key_332": "value_332",
  "key_333": "value_333",
  "key_334": "value_334",
  "key_335": "value_335",
  "key_336": "value_336",
  "key_337": "value_337",
  "key_338": "value_338",
  "key_339": "value_339",
  "key_340": "value_340",
  "key_341": "value_341",
  "key_342": "value_342",
  "key_343": "value_343",
  "key_344": "value_344",
  "key_345": "value_345",
  "key_346": "value_346",
  "key_347": "value_347",
  "key_348": "value_348",
  "key_349": "value_349",
  "key_350": "value_350",
  "key_351": "value_351",
  "key_352": "value_352",
  "key_353": "value_353",
  "key_354": "value_354",
  "key_355": "value_355",
  "key_356": "value_356",
  "key_357": "value_357",
  "key_358": "value_358",
  "key_359": "value_359",
  "key_360": "value_360",
  "key_361": "value_361",
  "key_362": "value_362",
  "key_363": "value_363",
  "key_364": "value_364",
  "key_365": "value_365",
  "key_366": "value_366",
  "key_367": "value_367",
  "key_368": "value_368",
  "key_369": "value_369",
  "key_370": "value_370",
  "key_371": "value_371",
  "key_372": "value_372",
  "key_373": "value_373",
  "key_374": "value_374",
  "key_375": "value_375",
  "key_376": "value_376",
  "key_377": "value_377",
  "key_378": "value_378",
  "key_379": "value_379",
  "key_380": "value_380",
  "key_381": "value_381",
  "key_382": "value_382",
  "key_383": "value_383",
  "key_384": "value_384",
  "key_385": "value_385",
  "key_386": "value_386",
  "key_387": "value_387",
  "key_388": "value_388",
  "key_389": "value_389",
  "key_390": "value_390",
  "key_391": "value_391",
  "key_392": "value_392",
  "key_393": "value_393",
  "key_394": "value_394",
  "key_395": "value_395",
  "key_396": "value_396",
  "key_397": "value_397",
  "key_398": "value_398",
  "key_399": "value_399",
  "key_400": "value_400",
  "key_401": "value_401",
  "key_402": "value_402",
  "key_403": "value_403",
  "key_404": "value_404",
  "key_405": "value_405",
  "key_406": "value_406",
  "key_407": "value_407",
  "key_408": "value_408",
  "key_409": "value_409",
  "key_410": "value_410",
  "key_411": "value_411",
  "key_412": "value_412",
  "key_413": "value_413",
  "key_414": "value_414",
  "key_415": "value_415",
  "key_416": "value_416",
  "key_417": "value_417",
  "key_418": "value_418",
  "key_419": "value_419",
  "key_420": "value_420",
  "key_421": "value_421",
  "key_422": "value_422",
  "key_423": "value_423",
  "key_424": "value_424",
  "key_425": "value_425",
  "key_426": "value_426",
  "key_427": "value_427",
  "key_428": "value_428",
  "key_429": "value_429",
  "key_430": "value_430",
  "key_431": "value_431",
  "key_432": "value_432",
  "key_433": "value_433",
  "key_434": "value_434",
  "key_435": "value_435",
  "key_436": "value_436",
  "key_437": "value_437",
  "key_438": "value_438",
  "key_439": "value_439",
  "key_440": "value_440",
  "key_441": "value_441",
  "key_442": "value_442",
  "key_443": "value_443",
  "key_444": "value_444",
  "key_445": "value_445",
  "key_446": "value_446",
  "key_447": "value_447",
  "key_448": "value_448",
  "key_449": "value_449",
  "key_450": "value_450",
  "key_451": "value_451",
  "key_452": "value_452",
  "key_453": "value_453",
  "key_454": "value_454",
  "key_455": "value_455",
  "key_456": "value_456",
  "key_457": "value_457",
  "key_458": "value_458",
  "key_459": "value_459",
  "key_460": "value_460",
  "key_461": "value_461",
  "key_462": "value_462",
  "key_463": "value_463",
  "key_464": "value_464",
  "key_465": "value_465",
  "key_466": "value_466",
  "key_467": "value_467",
  "key_468": "value_468",
  "key_469": "value_469",
  "key_470": "value_470",
  "key_471": "value_471",
  "key_472": "value_472",
  "key_473": "value_473",
  "key_474": "value_474",
  "key_475": "value_475",
  "key_476": "value_476",
  "key_477": "value_477",
  "key_478": "value_478",
  "key_479": "value_479",
  "key_480": "value_480",
  "key_481": "value_481",
  "key_482": "value_482",
  "key_483": "value_483",
  "key_484": "value_484",
  "key_485": "value_485",
  "key_486": "value_486",
  "key_487": "value_487",
  "key_488": "value_488",
  "key_489": "value_489",
  "key_490": "value_490",
  "key_491": "value_491",
  "key_492": "value_492",
  "key_493": "value_493",
  "key_494": "value_494",
  "key_495": "value_495",
  "key_496": "value_496",
  "key_497": "value_497",
  "key_498": "value_498",
  "key_499": "value_499",
  "key_500": "value_500",
  "key_501": "value_501",
  "key_502": "value_502",
  "key_503": "value_503",
  "key_504": "value_504",
  "key_505": "value_505",
  "key_506": "value_506",
  "key_507": "value_507",
  "key_508": "value_508",
  "key_509": "value_509",
  "key_510": "value_510",
  "key_511": "value_511",
  "key_512": "value_512",
  "key_513": "value_513",
  "key_514": "value_514",
  "key_515": "value_515",
  "key_516": "value_516",
  "key_517": "value_517",
  "key_518": "value_518",
  "key_519": "value_519",
  "key_520": "value_520",
  "key_521": "value_521",
  "key_522": "value_522",
  "key_523": "value_523",
  "key_524": "value_524",
  "key_525": "value_525",
  "key_526": "value_526",
  "key_527": "value_527",
  "key_528": "value_528",
  "key_529": "value_529",
  "key_530": "value_530",
  "key_531": "value_531",
  "key_532": "value_532",
  "key_533": "value_533",
  "key_534": "value_534",
  "key_535": "value_535",
  "key_536": "value_536",
  "key_537": "value_537",
  "key_538": "value_538",
  "key_539": "value_539",
  "key_540": "value_540",
  "key_541": "value_541",
  "key_542": "value_542",
  "key_543": "value_543",
  "key_544": "value_544",
  "key_545": "value_545",
  "key_546": "value_546",
  "key_547": "value_547",
  "key_548": "value_548",
  "key_549": "value_549",
  "key_550": "value_550",
  "key_551": "value_551",
  "key_552": "value_552",
  "key_553": "value_553",
  "key_554": "value_554",
  "key_555": "value_555",
  "key_556": "value_556",
  "key_557": "value_557",
  "key_558": "value_558",
  "key_559": "value_559",
  "key_560": "value_560",
  "key_561": "value_561",
  "key_562": "value_562",
  "key_563": "value_563",
  "key_564": "value_564",
  "key_565": "value_565",
  "key_566": "value_566",
  "key_567": "value_567",
  "key_568": "value_568",
  "key_569": "value_569",
  "key_570": "value_570",
  "key_571": "value_571",
  "key_572": "value_572",
  "key_573": "value_573",
  "key_574": "value_574",
  "key_575": "value_575",
  "key_576": "value_576",
  "key_577": "value_577",
  "key_578": "value_578",
  "key_579": "value_579",
  "key_580": "value_580",
  "key_581": "value_581",
  "key_582": "value_582",
  "key_583": "value_583",
  "key_584": "value_584",
  "key_585": "value_585",
  "key_586": "value_586",
  "key_587": "value_587",
  "key_588": "value_588",
  "key_589": "value_589",
  "key_590": "value_590",
  "key_591": "value_591",
  "key_592": "value_592",
  "key_593": "value_593",
  "key_594": "value_594",
  "key_595": "value_595",
  "key_596": "value_596",
  "key_597": "value_597",
  "key_598": "value_598",
  "key_599": "value_599",
  "key_600": "value_600",
  "key_601": "value_601",
  "key_602": "value_602",
  "key_603": "value_603",
  "key_604": "value_604",
  "key_605": "value_605",
  "key_606": "value_606",
  "key_607": "value_607",
  "key_608": "value_608",
  "key_609": "value_609",
  "key_610": "value_610",
  "key_611": "value_611",
  "key_612": "value_612",
  "key_613": "value_613",
  "key_614": "value_614",
  "key_615": "value_615",
  "key_616": "value_616",
  "key_617": "value_617",
  "key_618": "value_618",
  "key_619": "value_619",
  "key_620": "value_620",
  "key_621": "value_621",
  "key_622": "value_622",
  "key_623": "value_623",
  "key_624": "value_624",
  "key_625": "value_625",
  "key_626": "value_626",
  "key_627": "value_627",
  "key_628": "value_628",
  "key_629": "value_629",
  "key_630": "value_630",
  "key_631": "value_631",
  "key_632": "value_632",
  "key_633": "value_633",
  "key_634": "value_634",
  "key_635": "value_635",
  "key_636": "value_636",
  "key_637": "value_637",
  "key_638": "value_638",
  "key_639": "value_639",
  "key_640": "value_640",
  "key_641": "value_641",
  "key_642": "value_642",
  "key_643": "value_643",
  "key_644": "value_644",
  "key_645": "value_645",
  "key_646": "value_646",
  "key_647": "value_647",
  "key_648": "value_648",
  "key_649": "value_649",
  "key_650": "value_650",
  "key_651": "value_651",
  "key_652": "value_652",
  "key_653": "value_653",
  "key_654": "value_654",
  "key_655": "value_655",
  "key_656": "value_656",
  "key_657": "value_657",
  "key_658": "value_658",
  "key_659": "value_659",
  "key_660": "value_660",
  "key_661": "value_661",
  "key_662": "value_662",
  "key_663": "value_663",
  "key_664": "value_664",
  "key_665": "value_665",
  "key_666": "value_666",
  "key_667": "value_667",
  "key_668": "value_668",
  "key_669": "value_669",
  "key_670": "value_670",
  "key_671": "value_671",
  "key_672": "value_672",
  "key_673": "value_673",
  "key_674": "value_674",
  "key_675": "value_675",
  "key_676": "value_676",
  "key_677": "value_677",
  "key_678": "value_678",
  "key_679": "value_679",
  "key_680": "value_680",
  "key_681": "value_681",
  "key_682": "value_682",
  "key_683": "value_683",
  "key_684": "value_684",
  "key_685": "value_685",
  "key_686": "value_686",
  "key_687": "value_687",
  "key_688": "value_688",
  "key_689": "value_689",
  "key_690": "value_690",
  "key_691": "value_691",
  "key_692": "value_692",
  "key_693": "value_693",
  "key_694": "value_694",
  "key_695": "value_695",
  "key_696": "value_696",
  "key_697": "value_697",
  "key_698": "value_698",
  "key_699": "value_699",
  "key_700": "value_700",
  "key_701": "value_701",
  "key_702": "value_702",
  "key_703": "value_703",
  "key_704": "value_704",
  "key_705": "value_705",
  "key_706": "value_706",
  "key_707": "value_707",
  "key_708": "value_708",
  "key_709": "value_709",
  "key_710": "value_710",
  "key_711": "value_711",
  "key_712": "value_712",
  "key_713": "value_713",
  "key_714": "value_714",
  "key_715": "value_715",
  "key_716": "value_716",
  "key_717": "value_717",
  "key_718": "value_718",
  "key_719": "value_719",
  "key_720": "value_720",
  "key_721": "value_721",
  "key_722": "value_722",
  "key_723": "value_723",
  "key_724": "value_724",
  "key_725": "value_725",
  "key_726": "value_726",
  "key_727": "value_727",
  "key_728": "value_728",
  "key_729": "value_729",
  "key_730": "value_730",
  "key_731": "value_731",
  "key_732": "value_732",
  "key_733": "value_733",
  "key_734": "value_734",
  "key_735": "value_735",
  "key_736": "value_736",
  "key_737": "value_737",
  "key_738": "value_738",
  "key_739": "value_739",
  "key_740": "value_740",
  "key_741": "value_741",
  "key_742": "value_742",
  "key_743": "value_743",
  "key_744": "value_744",
  "key_745": "value_745",
  "key_746": "value_746",
  "key_747": "value_747",
  "key_748": "value_748",
  "key_749": "value_749",
  "key_750": "value_750",
  "key_751": "value_751",
  "key_752": "value_752",
  "key_753": "value_753",
  "key_754": "value_754",
  "key_755": "value_755",
  "key_756": "value_756",
  "key_757": "value_757",
  "key_758": "value_758",
  "key_759": "value_759",
  "key_760": "value_760",
  "key_761": "value_761",
  "key_762": "value_762",
  "key_763": "value_763",
  "key_764": "value_764",
  "key_765": "value_765",
  "key_766": "value_766",
  "key_767": "value_767",
  "key_768": "value_768",
  "key_769": "value_769",
  "key_770": "value_770",
  "key_771": "value_771",
  "key_772": "value_772",
  "key_773": "value_773",
  "key_774": "value_774",
  "key_775": "value_775",
  "key_776": "value_776",
  "key_777": "value_777",
  "key_778": "value_778",
  "key_779": "value_779",
  "key_780": "value_780",
  "key_781": "value_781",
  "key_782": "value_782",
  "key_783": "value_783",
  "key_784": "value_784",
  "key_785": "value_785",
  "key_786": "value_786",
  "key_787": "value_787",
  "key_788": "value_788",
  "key_789": "value_789",
  "key_790": "value_790",
  "key_791": "value_791",
  "key_792": "value_792",
  "key_793": "value_793",
  "key_794": "value_794",
  "key_795": "value_795",
  "key_796": "value_796",
  "key_797": "value_797",
  "key_798": "value_798",
  "key_799": "value_799",
  "key_800": "value_800",
  "key_801": "value_801",
  "key_802": "value_802",
  "key_803": "value_803",
  "key_804": "value_804",
  "key_805": "value_805",
  "key_806": "value_806",
  "key_807": "value_807",
  "key_808": "value_808",
  "key_809": "value_809",
  "key_810": "value_810",
  "key_811": "value_811",
  "key_812": "value_812",
  "key_813": "value_813",
  "key_814": "value_814",
  "key_815": "value_815",
  "key_816": "value_816",
  "key_817": "value_817",
  "key_818": "value_818",
  "key_819": "value_819",
  "key_820": "value_820",
  "key_821": "value_821",
  "key_822": "value_822",
  "key_823": "value_823",
  "key_824": "value_824",
  "key_825": "value_825",
  "key_826": "value_826",
  "key_827": "value_827",
  "key_828": "value_828",
  "key_829": "value_829",
  "key_830": "value_830",
  "key_831": "value_831",
  "key_832": "value_832",
  "key_833": "value_833",
  "key_834": "value_834",
  "key_835": "value_835",
  "key_836": "value_836",
  "key_837": "value_837",
  "key_838": "value_838",
  "key_839": "value_839",
  "key_840": "value_840",
  "key_841": "value_841",
  "key_842": "value_842",
  "key_843": "value_843",
  "key_844": "value_844",
  "key_845": "value_845",
  "key_846": "value_846",
  "key_847": "value_847",
  "key_848": "value_848",
  "key_849": "value_849",
  "key_850": "value_850",
  "key_851": "value_851",
  "key_852": "value_852",
  "key_853": "value_853",
  "key_854": "value_854",
  "key_855": "value_855",
  "key_856": "value_856",
  "key_857": "value_857",
  "key_858": "value_858",
  "key_859": "value_859",
  "key_860": "value_860",
  "key_861": "value_861",
  "key_862": "value_862",
  "key_863": "value_863",
  "key_864": "value_864",
  "key_865": "value_865",
  "key_866": "value_866",
  "key_867": "value_867",
  "key_868": "value_868",
  "key_869": "value_869",
  "key_870": "value_870",
  "key_871": "value_871",
  "key_872": "value_872",
  "key_873": "value_873",
  "key_874": "value_874",
  "key_875": "value_875",
  "key_876": "value_876",
  "key_877": "value_877",
  "key_878": "value_878",
  "key_879": "value_879",
  "key_880": "value_880",
  "key_881": "value_881",
  "key_882": "value_882",
  "key_883": "value_883",
  "key_884": "value_884",
  "key_885": "value_885",
  "key_886": "value_886",
  "key_887": "value_887",
  "key_888": "value_888",
  "key_889": "value_889",
  "key_890": "value_890",
  "key_891": "value_891",
  "key_892": "value_892",
  "key_893": "value_893",
  "key_894": "value_894",
  "key_895": "value_895",
  "key_896": "value_896",
  "key_897": "value_897",
  "key_898": "value_898",
  "key_899": "value_899",
  "key_900": "value_900",
  "key_901": "value_901",
  "key_902": "value_902",
  "key_903": "value_903",
  "key_904": "value_904",
  "key_905": "value_905",
  "key_906": "value_906",
  "key_907": "value_907",
  "key_908": "value_908",
  "key_909": "value_909",
  "key_910": "value_910",
  "key_911": "value_911",
  "key_912": "value_912",
  "key_913": "value_913",
  "key_914": "value_914",
  "key_915": "value_915",
  "key_916": "value_916",
  "key_917": "value_917",
  "key_918": "value_918",
  "key_919": "value_919",
  "key_920": "value_920",
  "key_921": "value_921",
  "key_922": "value_922",
  "key_923": "value_923",
  "key_924": "value_924",
  "key_925": "value_925",
  "key_926": "value_926",
  "key_927": "value_927",
  "key_928": "value_928",
  "key_929": "value_929",
  "key_930": "value_930",
  "key_931": "value_931",
  "key_932": "value_932",
  "key_933": "value_933",
  "key_934": "value_934",
  "key_935": "value_935",
  "key_936": "value_936",
  "key_937": "value_937",
  "key_938": "value_938",
  "key_939": "value_939",
  "key_940": "value_940",
  "key_941": "value_941",
  "key_942": "value_942",
  "key_943": "value_943",
  "key_944": "value_944",
  "key_945": "value_945",
  "key_946": "value_946",
  "key_947": "value_947",
  "key_948": "value_948",
  "key_949": "value_949",
  "key_950": "value_950",
  "key_951": "value_951",
  "key_952": "value_952",
  "key_953": "value_953",
  "key_954": "value_954",
  "key_955": "value_955",
  "key_956": "value_956",
  "key_957": "value_957",
  "key_958": "value_958",
  "key_959": "value_959",
  "key_960": "value_960",
  "key_961": "value_961",
  "key_962": "value_962",
  "key_963": "value_963",
  "key_964": "value_964",
  "key_965": "value_965",
  "key_966": "value_966",
  "key_967": "value_967",
  "key_968": "value_968",
  "key_969": "value_969",
  "key_970": "value_970",
  "key_971": "value_971",
  "key_972": "value_972",
  "key_973": "value_973",
  "key_974": "value_974",
  "key_975": "value_975",
  "key_976": "value_976",
  "key_977": "value_977",
  "key_978": "value_978",
  "key_979": "value_979",
  "key_980": "value_980",
  "key_981": "value_981",
  "key_982": "value_982",
  "key_983": "value_983",
  "key_984": "value_984",
  "key_985": "value_985",
  "key_986": "value_986",
  "key_987": "value_987",
  "key_988": "value_988",
  "key_989": "value_989",
  "key_990": "value_990",
  "key_991": "value_991",
  "key_992": "value_992",
  "key_993": "value_993",
  "key_994": "value_994",
  "key_995": "value_995",
  "key_996": "value_996",
  "key_997": "value_997",
  "key_998": "value_998",
  "key_999": "value_999"
}