{
  "py/object": "test_expect_direct_call.test_expect_direct_call.<locals>.Custom",
  "value": 42
}