{
  "py/object": "test_load_snapshot_from_file_object.Custom",
  "value": 42
}