{
  "py/object": "test_snappylapy_new.test_custom_type.<locals>.CustomObject"
}