{
  "py/object": "test_snappylappy_new.test_custom_type.<locals>.CustomObject"
}